[2026-04-12 00:14:05] ============================================================
[2026-04-12 00:14:05] 고입 자동 동기화 시작 (dry=True, force=False)
[2026-04-12 00:14:05] ============================================================
[2026-04-12 00:14:05] [1/3] 설문지 → 반별 시트 동기화...
[2026-04-12 00:14:05]   [DRY-RUN] /home/rjegj/projects/unified_venv/bin/python /home/rjegj/projects/Project_HighSchool_apply_Dashboard/generators/sync_form_to_class_sheets.py 2026
[2026-04-12 00:14:05]   ✅ 완료
[2026-04-12 00:14:05] [2/3] 반별 → 입시_트래킹 유형 동기화...
[2026-04-12 00:14:05]   [DRY-RUN] /home/rjegj/projects/unified_venv/bin/python /home/rjegj/projects/Project_HighSchool_apply_Dashboard/generators/sync_type_to_tracking.py 2026
[2026-04-12 00:14:05]   ✅ 완료
[2026-04-12 00:14:05] [3/3] 트래킹 → 진행현황 시트 생성...
[2026-04-12 00:14:05]   [DRY-RUN] /home/rjegj/projects/unified_venv/bin/python /home/rjegj/projects/Project_HighSchool_apply_Dashboard/generators/build_progress_from_tracking.py 2026
[2026-04-12 00:14:05]   ✅ 완료
[2026-04-12 00:14:05] 스냅샷 비교 중...
[2026-04-12 00:14:05]   변경 감지: 1건
[2026-04-12 00:14:05]     첫 번째 스냅샷 기록
[2026-04-12 00:14:05] ============================================================
[2026-04-12 00:14:05] 완료. 오류=0건, 변경=1건
[2026-04-12 00:14:05] ============================================================
[2026-04-12 00:14:09] ============================================================
[2026-04-12 00:14:09] 고입 자동 동기화 시작 (dry=False, force=True)
[2026-04-12 00:14:09] ============================================================
[2026-04-12 00:14:09] [1/3] 설문지 → 반별 시트 동기화...
[2026-04-12 00:14:35]   ✅ 완료
[2026-04-12 00:14:35] [2/3] 반별 → 입시_트래킹 유형 동기화...
[2026-04-12 00:14:38]   ✅ 완료
[2026-04-12 00:14:38] [3/3] 트래킹 → 진행현황 시트 생성...
[2026-04-12 00:14:41]   ✅ 완료
[2026-04-12 00:14:41] 스냅샷 비교 중...
[2026-04-12 00:14:44]   변경 감지: 1건
[2026-04-12 00:14:44]     첫 번째 스냅샷 기록
[2026-04-12 00:14:44] Telegram 알림 전송...
[2026-04-12 00:14:45]   ✅ 전송 완료
[2026-04-12 00:14:45] ============================================================
[2026-04-12 00:14:45] 완료. 오류=0건, 변경=1건
[2026-04-12 00:14:45] ============================================================
